--- Testing Custom Post Generation Algorithm ---

[Professional on LinkedIn] Topic: Artificial Intelligence
--------------------------------------------------
Let's talk about the future of Artificial Intelligence.

Efficiency, scale, and impact are driven by how we handle this. The data speaks for itself.

Share your experiences in the comments.

#ArtificialIntelligence #Growth #Life #Future #News

[Casual on Twitter] Topic: Remote Work
--------------------------------------------------
Can we talk about Remote Work for a sec?

I tried it out recently and... wow. Game changer.

Let me know below! ≡ƒæç

#RemoteWork #Future

[Witty on Instagram] Topic: Coffee
--------------------------------------------------
